{
  "total": 5,
  "page": 1,
  "limit": 10,
  "products": [
    {
      "id": 2,
      "name": "Coca-Cola 350ml",
      "description": "Refrigerante Coca-Cola lata",
      "price": 6.9,
      "category_id": 2,
      "created_at": "2025-02-28T16:28:18Z",
      "updated_at": "2025-02-28T16:28:18Z"
    },
    {
      "id": 3,
      "name": "Sundae",
      "description": "Sorvete com calda de chocolate",
      "price": 12.9,
      "category_id": 3,
      "created_at": "2025-02-28T16:28:18Z",
      "updated_at": "2025-02-28T16:28:18Z"
    },
    {
      "id": 4,
      "name": "Batata Frita",
      "description": "Porção de batata frita crocante",
      "price": 15.9,
      "category_id": 4,
      "created_at": "2025-02-28T16:28:18Z",
      "updated_at": "2025-02-28T16:28:18Z"
    },
    {
      "id": 5,
      "name": "Combo Big",
      "description": "X-Burger + Batata + Refrigerante",
      "price": 42.9,
      "category_id": 5,
      "created_at": "2025-02-28T16:28:18Z",
      "updated_at": "2025-02-28T16:28:18Z"
    },
    {
      "id": 1,
      "name": "Product X UPDATED",
      "description": "Product X description UPDATED",
      "price": 12.11,
      "category_id": 1,
      "created_at": "2025-02-28T16:28:18Z",
      "updated_at": "2025-03-06T18:10:28Z"
    }
  ]
}
