{
  "id": 6,
  "name": "John Doe 1",
  "email": "john.doe.1@email.com",
  "cpf": "000.000.000-01",
  "created_at": "2025-03-06T17:03:28-03:00",
  "updated_at": "2025-03-06T17:03:28-03:00"
}
