{
    "id": 6,
    "name": "John Doe 1 UPDATED",
    "email": "john.doe.1.updated@email.com",
    "cpf": "000.000.000-01",
    "created_at": "2025-03-06T17:03:28Z",
    "updated_at": "2025-03-06T17:03:58-03:00"
}
