{
    "id": 9,
    "customer_id": 1,
    "total_bill": 0,
    "status": "OPEN",
    "products": null,
    "created_at": "2025-02-15T17:09:18-03:00",
    "updated_at": "2025-02-15T17:09:18-03:00"
}
