{
  "total": 11,
  "page": 1,
  "limit": 10,
  "orders": [
    {
      "id": 13,
      "customer_id": 1,
      "total_bill": "6.90",
      "status": "READY",
      "customer": {
        "id": 1,
        "name": "Lucas Mendes",
        "email": "lucas@email.com",
        "cpf": "123.456.789-00",
        "created_at": "2025-02-28T16:28:18Z",
        "updated_at": "2025-02-28T16:28:18Z"
      },
      "products": [
        {
          "id": 2,
          "name": "Coca-Cola 350ml",
          "description": "Refrigerante Coca-Cola lata",
          "price": 6.9,
          "category_id": 2,
          "created_at": "2025-02-28T16:28:18Z",
          "updated_at": "2025-02-28T16:28:18Z",
          "quantity": 1
        }
      ],
      "created_at": "2021-10-01T09:59:59Z",
      "updated_at": "2025-02-28T16:28:18Z"
    },
    {
      "id": 6,
      "customer_id": 1,
      "total_bill": "25.90",
      "status": "READY",
      "customer": {
        "id": 1,
        "name": "Lucas Mendes",
        "email": "lucas@email.com",
        "cpf": "123.456.789-00",
        "created_at": "2025-02-28T16:28:18Z",
        "updated_at": "2025-02-28T16:28:18Z"
      },
      "products": [
        {
          "id": 1,
          "name": "X-Burger",
          "description": "Hambúrguer com queijo, alface e tomate",
          "price": 25.9,
          "category_id": 1,
          "created_at": "2025-02-28T16:28:18Z",
          "updated_at": "2025-02-28T16:28:18Z",
          "quantity": 1
        }
      ],
      "created_at": "2021-10-01T10:00:00Z",
      "updated_at": "2025-02-28T16:28:18Z"
    },
    {
      "id": 12,
      "customer_id": 1,
      "total_bill": "25.90",
      "status": "READY",
      "customer": {
        "id": 1,
        "name": "Lucas Mendes",
        "email": "lucas@email.com",
        "cpf": "123.456.789-00",
        "created_at": "2025-02-28T16:28:18Z",
        "updated_at": "2025-02-28T16:28:18Z"
      },
      "products": [
        {
          "id": 1,
          "name": "X-Burger",
          "description": "Hambúrguer com queijo, alface e tomate",
          "price": 25.9,
          "category_id": 1,
          "created_at": "2025-02-28T16:28:18Z",
          "updated_at": "2025-02-28T16:28:18Z",
          "quantity": 1
        }
      ],
      "created_at": "2021-10-01T10:00:01Z",
      "updated_at": "2025-02-28T16:28:18Z"
    },
    {
      "id": 10,
      "customer_id": 5,
      "total_bill": "25.90",
      "status": "PREPARING",
      "customer": {
        "id": 5,
        "name": "Bruno Oliveira",
        "email": "bruno@email.com",
        "cpf": "321.654.987-00",
        "created_at": "2025-02-28T16:28:18Z",
        "updated_at": "2025-02-28T16:28:18Z"
      },
      "products": [
        {
          "id": 1,
          "name": "X-Burger",
          "description": "Hambúrguer com queijo, alface e tomate",
          "price": 25.9,
          "category_id": 1,
          "created_at": "2025-02-28T16:28:18Z",
          "updated_at": "2025-02-28T16:28:18Z",
          "quantity": 1
        }
      ],
      "created_at": "2021-10-01T08:00:00Z",
      "updated_at": "2025-02-28T16:28:18Z"
    },
    {
      "id": 11,
      "customer_id": 5,
      "total_bill": "6.90",
      "status": "PREPARING",
      "customer": {
        "id": 5,
        "name": "Bruno Oliveira",
        "email": "bruno@email.com",
        "cpf": "321.654.987-00",
        "created_at": "2025-02-28T16:28:18Z",
        "updated_at": "2025-02-28T16:28:18Z"
      },
      "products": [
        {
          "id": 2,
          "name": "Coca-Cola 350ml",
          "description": "Refrigerante Coca-Cola lata",
          "price": 6.9,
          "category_id": 2,
          "created_at": "2025-02-28T16:28:18Z",
          "updated_at": "2025-02-28T16:28:18Z",
          "quantity": 1
        }
      ],
      "created_at": "2021-10-01T09:00:00Z",
      "updated_at": "2025-02-28T16:28:18Z"
    },
    {
      "id": 5,
      "customer_id": 5,
      "total_bill": "26.70",
      "status": "PREPARING",
      "customer": {
        "id": 5,
        "name": "Bruno Oliveira",
        "email": "bruno@email.com",
        "cpf": "321.654.987-00",
        "created_at": "2025-02-28T16:28:18Z",
        "updated_at": "2025-02-28T16:28:18Z"
      },
      "products": [
        {
          "id": 2,
          "name": "Coca-Cola 350ml",
          "description": "Refrigerante Coca-Cola lata",
          "price": 6.9,
          "category_id": 2,
          "created_at": "2025-02-28T16:28:18Z",
          "updated_at": "2025-02-28T16:28:18Z",
          "quantity": 2
        },
        {
          "id": 3,
          "name": "Sundae",
          "description": "Sorvete com calda de chocolate",
          "price": 12.9,
          "category_id": 3,
          "created_at": "2025-02-28T16:28:18Z",
          "updated_at": "2025-02-28T16:28:18Z",
          "quantity": 1
        }
      ],
      "created_at": "2021-10-01T10:00:00Z",
      "updated_at": "2025-02-28T16:28:18Z"
    },
    {
      "id": 4,
      "customer_id": 4,
      "total_bill": "61.60",
      "status": "RECEIVED",
      "customer": {
        "id": 4,
        "name": "Mariana Lima",
        "email": "mariana@email.com",
        "cpf": "789.123.456-00",
        "created_at": "2025-02-28T16:28:18Z",
        "updated_at": "2025-02-28T16:28:18Z"
      },
      "products": [
        {
          "id": 1,
          "name": "X-Burger",
          "description": "Hambúrguer com queijo, alface e tomate",
          "price": 25.9,
          "category_id": 1,
          "created_at": "2025-02-28T16:28:18Z",
          "updated_at": "2025-02-28T16:28:18Z",
          "quantity": 1
        },
        {
          "id": 2,
          "name": "Coca-Cola 350ml",
          "description": "Refrigerante Coca-Cola lata",
          "price": 6.9,
          "category_id": 2,
          "created_at": "2025-02-28T16:28:18Z",
          "updated_at": "2025-02-28T16:28:18Z",
          "quantity": 1
        },
        {
          "id": 3,
          "name": "Sundae",
          "description": "Sorvete com calda de chocolate",
          "price": 12.9,
          "category_id": 3,
          "created_at": "2025-02-28T16:28:18Z",
          "updated_at": "2025-02-28T16:28:18Z",
          "quantity": 1
        },
        {
          "id": 4,
          "name": "Batata Frita",
          "description": "Porção de batata frita crocante",
          "price": 15.9,
          "category_id": 4,
          "created_at": "2025-02-28T16:28:18Z",
          "updated_at": "2025-02-28T16:28:18Z",
          "quantity": 1
        }
      ],
      "created_at": "2021-10-01T10:00:00Z",
      "updated_at": "2025-02-28T16:28:18Z"
    },
    {
      "id": 8,
      "customer_id": 4,
      "total_bill": "25.90",
      "status": "RECEIVED",
      "customer": {
        "id": 4,
        "name": "Mariana Lima",
        "email": "mariana@email.com",
        "cpf": "789.123.456-00",
        "created_at": "2025-02-28T16:28:18Z",
        "updated_at": "2025-02-28T16:28:18Z"
      },
      "products": [
        {
          "id": 1,
          "name": "X-Burger",
          "description": "Hambúrguer com queijo, alface e tomate",
          "price": 25.9,
          "category_id": 1,
          "created_at": "2025-02-28T16:28:18Z",
          "updated_at": "2025-02-28T16:28:18Z",
          "quantity": 1
        }
      ],
      "created_at": "2021-10-01T11:00:00Z",
      "updated_at": "2025-02-28T16:28:18Z"
    },
    {
      "id": 9,
      "customer_id": 4,
      "total_bill": "6.90",
      "status": "RECEIVED",
      "customer": {
        "id": 4,
        "name": "Mariana Lima",
        "email": "mariana@email.com",
        "cpf": "789.123.456-00",
        "created_at": "2025-02-28T16:28:18Z",
        "updated_at": "2025-02-28T16:28:18Z"
      },
      "products": [
        {
          "id": 2,
          "name": "Coca-Cola 350ml",
          "description": "Refrigerante Coca-Cola lata",
          "price": 6.9,
          "category_id": 2,
          "created_at": "2025-02-28T16:28:18Z",
          "updated_at": "2025-02-28T16:28:18Z",
          "quantity": 1
        }
      ],
      "created_at": "2021-10-01T12:00:00Z",
      "updated_at": "2025-02-28T16:28:18Z"
    },
    {
      "id": 2,
      "customer_id": 2,
      "total_bill": "42.90",
      "status": "PENDING",
      "customer": {
        "id": 2,
        "name": "Julia Santos",
        "email": "julia@email.com",
        "cpf": "987.654.321-00",
        "created_at": "2025-02-28T16:28:18Z",
        "updated_at": "2025-02-28T16:28:18Z"
      },
      "products": [
        {
          "id": 5,
          "name": "Combo Big",
          "description": "X-Burger + Batata + Refrigerante",
          "price": 42.9,
          "category_id": 5,
          "created_at": "2025-02-28T16:28:18Z",
          "updated_at": "2025-02-28T16:28:18Z",
          "quantity": 1
        }
      ],
      "created_at": "2025-02-28T16:28:18Z",
      "updated_at": "2025-02-28T16:28:18Z"
    }
  ]
}
