{
    "id": 6,
    "name": "John Doe 6",
    "role": "COOK",
    "created_at": "2025-03-06T19:29:45-03:00",
    "updated_at": "2025-03-06T19:29:45-03:00"
}
