{
    "total": 3,
    "page": 1,
    "limit": 10,
    "staffs": [
        {
            "id": 1,
            "name": "Jo√£o Silva",
            "role": "COOK",
            "created_at": "2025-02-28T16:28:18Z",
            "updated_at": "2025-02-28T16:28:18Z"
        },
        {
            "id": 4,
            "name": "Ana Costa",
            "role": "COOK",
            "created_at": "2025-02-28T16:28:18Z",
            "updated_at": "2025-02-28T16:28:18Z"
        },
        {
            "id": 6,
            "name": "John Doe 1",
            "role": "COOK",
            "created_at": "2025-03-06T19:29:45Z",
            "updated_at": "2025-03-06T19:29:45Z"
        }
    ]
}
